ERROR_UPDATING_GAME-gameId_57212bf4-9b35-11ef-84a3-fec50af7ee5c-status_completed
